[0m16:03:33.826904 [debug] [MainThread]: Sending event: {'category': 'dbt', 'action': 'invocation', 'label': 'start', 'context': [<snowplow_tracker.self_describing_json.SelfDescribingJson object at 0x000002EB9F656660>, <snowplow_tracker.self_describing_json.SelfDescribingJson object at 0x000002EB9D238410>, <snowplow_tracker.self_describing_json.SelfDescribingJson object at 0x000002EBA1FBB9D0>]}


============================== 16:03:33.830391 | b3bc364c-44fe-495c-9d7a-39b9d5d860df ==============================
[0m16:03:33.830391 [info ] [MainThread]: Running with dbt=1.12.5
[0m16:03:33.830894 [debug] [MainThread]: running dbt with arguments {'static_parser': 'True', 'no_print': 'None', 'maximum_seed_size_mib': '1', 'warn_error_options': 'WarnErrorOptionsV2(error=[], warn=[], silence=[])', 'target_path': 'None', 'version_check': 'True', 'printer_width': '80', 'write_json': 'True', 'introspect': 'True', 'log_cache_events': 'False', 'empty': 'None', 'cache_selected_only': 'False', 'log_format': 'default', 'debug': 'False', 'fail_fast': 'False', 'partial_parse': 'True', 'send_anonymous_usage_stats': 'True', 'quiet': 'False', 'warn_error': 'None', 'profiles_dir': 'C:\\Users\\ambro\\.dbt', 'indirect_selection': 'eager', 'hints_enabled': 'True', 'use_colors': 'True', 'use_experimental_parser': 'False', 'invocation_command': 'dbt init recon_dbt', 'log_path': 'logs'}
[0m16:03:33.859293 [debug] [MainThread]: Starter project path: C:\FinProjects\book-vs-custodian-recon\.venv\Lib\site-packages\dbt\include\starter_project
[0m16:03:33.879550 [info ] [MainThread]: Setting up your profile.
[0m16:05:37.706901 [info ] [MainThread]: Profile recon_dbt written to C:\Users\ambro\.dbt\profiles.yml using target's profile_template.yml and your supplied values.
[0m16:05:37.709466 [info ] [MainThread]: Running dbt debug to validate the project...
[0m16:05:37.710041 [info ] [MainThread]: dbt version: 1.12.5
[0m16:05:37.710414 [info ] [MainThread]: python version: 3.14.0
[0m16:05:37.710759 [info ] [MainThread]: python path: C:\FinProjects\book-vs-custodian-recon\.venv\Scripts\python.exe
[0m16:05:37.711061 [info ] [MainThread]: os info: Windows-11-10.0.26200-SP0
[0m16:05:37.759960 [info ] [MainThread]: Using profiles dir at C:\Users\ambro\.dbt
[0m16:05:37.760457 [info ] [MainThread]: Using profiles.yml file at C:\Users\ambro\.dbt\profiles.yml
[0m16:05:37.760736 [info ] [MainThread]: Using dbt_project.yml file at C:\FinProjects\book-vs-custodian-recon\dbt\recon_dbt\dbt_project.yml
[0m16:05:37.761661 [info ] [MainThread]: adapter type: postgres
[0m16:05:37.761967 [info ] [MainThread]: adapter version: 1.11.0
[0m16:05:37.842422 [info ] [MainThread]: Configuration:
[0m16:05:37.842947 [info ] [MainThread]:   profiles.yml file [[32mOK found and valid[0m]
[0m16:05:37.843323 [info ] [MainThread]:   dbt_project.yml file [[32mOK found and valid[0m]
[0m16:05:37.843575 [info ] [MainThread]: Required dependencies:
[0m16:05:37.843813 [debug] [MainThread]: Executing "git --help"
[0m16:05:37.881127 [debug] [MainThread]: STDOUT: "b"usage: git [-v | --version] [-h | --help] [-C <path>] [-c <name>=<value>]\n           [--exec-path[=<path>]] [--html-path] [--man-path] [--info-path]\n           [-p | --paginate | -P | --no-pager] [--no-replace-objects] [--no-lazy-fetch]\n           [--no-optional-locks] [--no-advice] [--bare] [--git-dir=<path>]\n           [--work-tree=<path>] [--namespace=<name>] [--config-env=<name>=<envvar>]\n           <command> [<args>]\n\nThese are common Git commands used in various situations:\n\nstart a working area (see also: git help tutorial)\n   clone      Clone a repository into a new directory\n   init       Create an empty Git repository or reinitialize an existing one\n\nwork on the current change (see also: git help everyday)\n   add        Add file contents to the index\n   mv         Move or rename a file, a directory, or a symlink\n   restore    Restore working tree files\n   rm         Remove files from the working tree and from the index\n\nexamine the history and state (see also: git help revisions)\n   bisect     Use binary search to find the commit that introduced a bug\n   diff       Show changes between commits, commit and working tree, etc\n   grep       Print lines matching a pattern\n   log        Show commit logs\n   show       Show various types of objects\n   status     Show the working tree status\n\ngrow, mark and tweak your common history\n   backfill   Download missing objects in a partial clone\n   branch     List, create, or delete branches\n   commit     Record changes to the repository\n   history    EXPERIMENTAL: Rewrite history\n   merge      Join two or more development histories together\n   rebase     Reapply commits on top of another base tip\n   reset      Set `HEAD` or the index to a known state\n   switch     Switch branches\n   tag        Create, list, delete or verify tags\n\ncollaborate (see also: git help workflows)\n   fetch      Download objects and refs from another repository\n   pull       Fetch from and integrate with another repository or a local branch\n   push       Update remote refs along with associated objects\n\n'git help -a' and 'git help -g' list available subcommands and some\nconcept guides. See 'git help <command>' or 'git help <concept>'\nto read about a specific subcommand or concept.\nSee 'git help git' for an overview of the system.\n""
[0m16:05:37.881515 [debug] [MainThread]: STDERR: "b''"
[0m16:05:37.881858 [info ] [MainThread]:  - git [[32mOK found[0m]

[0m16:05:37.882223 [info ] [MainThread]: Connection:
[0m16:05:37.882636 [info ] [MainThread]:   host: localhost
[0m16:05:37.882892 [info ] [MainThread]:   port: 5433
[0m16:05:37.883118 [info ] [MainThread]:   user: recon
[0m16:05:37.883348 [info ] [MainThread]:   database: recon
[0m16:05:37.883548 [info ] [MainThread]:   schema: staging
[0m16:05:37.883738 [info ] [MainThread]:   connect_timeout: 10
[0m16:05:37.883924 [info ] [MainThread]:   role: None
[0m16:05:37.884125 [info ] [MainThread]:   search_path: None
[0m16:05:37.884378 [info ] [MainThread]:   keepalives_idle: 0
[0m16:05:37.884675 [info ] [MainThread]:   sslmode: None
[0m16:05:37.884944 [info ] [MainThread]:   sslcert: None
[0m16:05:37.885255 [info ] [MainThread]:   sslkey: None
[0m16:05:37.885496 [info ] [MainThread]:   sslrootcert: None
[0m16:05:37.885702 [info ] [MainThread]:   application_name: dbt
[0m16:05:37.885897 [info ] [MainThread]:   autocommit: False
[0m16:05:37.886097 [info ] [MainThread]:   retries: 1
[0m16:05:37.886509 [info ] [MainThread]: Registered adapter: postgres=1.11.0
[0m16:05:38.060199 [debug] [MainThread]: Acquiring new postgres connection 'debug'
[0m16:05:39.742633 [debug] [MainThread]: Using postgres connection "debug"
[0m16:05:39.742946 [debug] [MainThread]: On debug: select 1 as id
[0m16:05:39.743140 [debug] [MainThread]: Opening a new connection, currently in state init
[0m16:05:39.760185 [debug] [MainThread]: SQL status: SELECT 1 in 0.017 seconds
[0m16:05:39.760855 [debug] [MainThread]: On debug: Close
[0m16:05:39.761240 [info ] [MainThread]:   Connection test: [[32mOK connection ok[0m]

[0m16:05:39.761816 [info ] [MainThread]: [32mAll checks passed![0m
[0m16:05:39.762190 [info ] [MainThread]: Your new dbt project "recon_dbt" was created!
Initialized new project in C:\FinProjects\book-vs-custodian-recon\dbt\recon_dbt\recon_dbt

For more information on how to configure the profiles.yml file,
please consult the dbt documentation here:

  https://docs.getdbt.com/docs/configure-your-profile

One more thing:

Need help? Don't hesitate to reach out to us via GitHub issues or on Slack:

  https://community.getdbt.com/

Happy modeling!

[0m16:05:39.763246 [debug] [MainThread]: Command `dbt init` succeeded at 16:05:39.763157 after 126.08 seconds
[0m16:05:39.763463 [debug] [MainThread]: Connection 'debug' was properly closed.
[0m16:05:39.763677 [debug] [MainThread]: Sending event: {'category': 'dbt', 'action': 'invocation', 'label': 'end', 'context': [<snowplow_tracker.self_describing_json.SelfDescribingJson object at 0x000002EBA1E550F0>, <snowplow_tracker.self_describing_json.SelfDescribingJson object at 0x000002EBA22FF9B0>, <snowplow_tracker.self_describing_json.SelfDescribingJson object at 0x000002EBA21EBDF0>]}
[0m16:05:39.763978 [debug] [MainThread]: Flushing usage events
[0m16:05:40.104109 [debug] [MainThread]: An error was encountered while trying to flush usage events
[0m17:34:18.958885 [debug] [MainThread]: Sending event: {'category': 'dbt', 'action': 'invocation', 'label': 'start', 'context': [<snowplow_tracker.self_describing_json.SelfDescribingJson object at 0x000001DF944C6660>, <snowplow_tracker.self_describing_json.SelfDescribingJson object at 0x000001DF92098410>, <snowplow_tracker.self_describing_json.SelfDescribingJson object at 0x000001DF96E7F9D0>]}


============================== 17:34:18.962656 | d677c744-d5c6-4369-8270-7f09d0aa4c04 ==============================
[0m17:34:18.962656 [info ] [MainThread]: Running with dbt=1.12.5
[0m17:34:18.963320 [debug] [MainThread]: running dbt with arguments {'maximum_seed_size_mib': '1', 'no_print': 'None', 'static_parser': 'True', 'target_path': 'None', 'warn_error_options': 'WarnErrorOptionsV2(error=[], warn=[], silence=[])', 'version_check': 'True', 'printer_width': '80', 'write_json': 'True', 'introspect': 'True', 'log_cache_events': 'False', 'empty': 'False', 'cache_selected_only': 'False', 'log_format': 'default', 'debug': 'False', 'fail_fast': 'False', 'profiles_dir': 'C:\\Users\\ambro\\.dbt', 'send_anonymous_usage_stats': 'True', 'quiet': 'False', 'warn_error': 'None', 'partial_parse': 'True', 'indirect_selection': 'eager', 'hints_enabled': 'True', 'invocation_command': 'dbt run --select stg_openfigi_mappings', 'use_experimental_parser': 'False', 'use_colors': 'True', 'log_path': 'logs'}
[0m17:34:18.963732 [error] [MainThread]: [[31mERROR[0m]: Encountered an error:
Runtime Error
  No dbt_project.yml found at expected path C:\FinProjects\book-vs-custodian-recon\dbt\dbt_project.yml
  Verify that each entry within packages.yml (and their transitive dependencies) contains a file named dbt_project.yml
  
[0m17:34:18.964428 [debug] [MainThread]: Command `dbt run` failed at 17:34:18.964340 after 0.16 seconds
[0m17:34:18.964681 [debug] [MainThread]: Sending event: {'category': 'dbt', 'action': 'invocation', 'label': 'end', 'context': [<snowplow_tracker.self_describing_json.SelfDescribingJson object at 0x000001DF96CC2D70>, <snowplow_tracker.self_describing_json.SelfDescribingJson object at 0x000001DF96E0F2F0>, <snowplow_tracker.self_describing_json.SelfDescribingJson object at 0x000001DF96E9B240>]}
[0m17:34:18.964932 [debug] [MainThread]: Flushing usage events
[0m17:34:19.289935 [debug] [MainThread]: An error was encountered while trying to flush usage events
